#################################################################
#################################################################
#pp      ########################################################
#pp      #pp        #############################################
#pp      #pp        #pp       ###################################
#pp      #pp        #pp       #pp       #########################
#pp      #pp        #pp       #pp       #########################
#  ####  #pp        #pp       #pp       #########################
#           ######  #  #####  #  #####  #########################
#########                               #########################
###        ###################  #################################
###     #  #                 #  #################################
#########  #                 #  #################################
###pppp    #                 #  #################################
###pppp    #                 #  #################################
###     #  #                 #  #################################
###     #  #                 #  #################################
###     #  ###################  #################################
###     #  #     #      #    #  ####  #            #####        #
###     #  #     #      #    #    ##  #            #####        #
###        #     #      #    #  ####  #            #####        #
###        #     #      #         ##  #            #   #        #
#########  ####  ###  ########  #### ##  ########  #   #  ####  #
###                                                             #
###  #######  #  #########  #  #####  # ###  ########  #  ####  #
###         pp#           pp#         #   #            #        #
###         pp#           pp#         #   #            #        #
###         pp#           pp#         #   #            #        #
###         pp#           pp#         #   #            #        #
#################################################################
