
##################################################################  ##
#   #F#                                                              #
#        #     #     #      #      #       #       #       #         #
#        #     #     #      #      #       #       #       #         #
#                                                                    #
#                                                                    #
#        #     #     #      #      #       #       #       #         #
#                                                             ########
#                                                          #      P  #
#   #    #     #     #      #      #       #       #       ########### 
#   #    #     #     #      #      #       #       #       #         #
#                                                                    #
###################################################################BB#
###################################################################BB#
#  #     #     #      #    #  ####  #        # # #####  #         #  #
#  #     # A   #      # S  #  A ##  #        # # #####  #         #  #
#  #     #     #      #    #G ####  #        # # #####  #         #  #
#  #     #     #      #     E  A##  #        # # #   #  #         #  #
# ##  ####  ####  ##########  #### ##  ####  # # #   # ##  #####  #  #
#        H                            H                              #
######  ##  ##  ###############  # ## ######  ## ##########  #  ######
#        #   #                   #  #  #       #  #          #       #
#        #V  #        E         V#  #  #       #  #          # T  I  #
#        #   #        R          #  #  #       #  #          #       #
#        #   #                   #  #  #       #  #          #       #
######################################################################
