##########################################################################################################################################################################################################
##########################################################################################################################################################################################################
##########################################################################################################################################################################################################
##########################################################################################################################################################################################################
####                               ##             #           ##            #                    #        #                             ##          #                  ##                               ##
####                               ##             #           ############# #            #    ## #        #                             ##          #                  ##                               ##
####                               ##             #           ###############            #    ## #        #                             ##          #                  ##                               ##
####                               ##             #           ############# #                 ## #        #                             ##          ##########         ##                               ##
####                               ##             #           ###############                 ## #        #                             ##          #    #             ##                               ##
####                               ##             #           ##            #            #    ## #        #                             ##          ##########         ##                               ##
####                               ##             #           ###############            #    ## #        #                             ##          #    #             ##                               ##
####                               ##             #           ###############            ####### #        #                             ##          ##########         ##                               ##
####                               ##             #           ###############            #    ## #        #                             ##          ##########         ##                               ##
####          S                    ##             #           ##            #                 ## #        #                             ##          ##########         ##                               ##
####                               ##             #           ############  #                 ## #        #                             ##          #    #             ##                               ##
####                               ##             #           ##            #                 ## #        #                             ##          ##########         ##                               ##
####                               ##             #           ##            #            #    ## #        #                             ##          ##########         ##                               ##
####                               ##             #           ##            #            ####### #        #                             ##          #                  ##                               ##
####                               ##             #           #                                  #        #                             ##          #                  ##                               ##
####                               ##             #           #                                  #        #                             ##          #                  ##                               ##
####                               #                          #                                  #        #                             ##          #                  ##                               ##
####                               #                          #                                  #        #                             ##          #                  ##                               ##
####    ######################     #    ##########    ######################             #########   #    #                             ##          #                  ##                               ##
####                                        ######    ######################             #########  #######   ######################    ######   ####                  ##                               ##
####                                                                                                          X                                                                                         ##
####                                            G                                                                                                                                                       ##
####                                                                           x                                                                                                                        ##
###########   ########  #######        ######################                                 X                                                                                                         ##
####    ###   ########  #######        ######################         ######################        #######                                                                                             ##
####          #         #                                        #                              #         #     ####################    ##   #####################     ##    ######################     ##
####          #         #                                        #                              #         #                             ##                             ##                               ##
####          #                                                  #                              #         #                             ##                             ##                               ##
####          #                                                  #                              #         #                             ##                             ##                               ##
####          #                                                  #                              #         #                             ##                             ##                               ##
####          #                                                  #                              #         #       X                     ##                             ##                               ##
####          #                                                  #                              #         #                             ##                             ##                               ##
####         ##                                                  #                              #         #                             ##                             ##                               ##
####         ##                                                  #                              #         #                             ##                             ##                               ##
####         ##                                                  #                              #         #                              #                             ##                               ##
####         ##                                                  #                              #         #                              #                             ##                               ##
####         ##                                                  #                              #         #                              #                             ##                               ##
####         ##                   #                              #                              #         #                              #                             ##                               ##
####         ##                   #                              #                              #         #                              #                             ##                               ##
####         ##                   #                              #                              #         #                              #                             ##                               ##
####         ##                   #                              #                              #         #                              #                             ##                               ##
####         ##                   #                              #                              #         #                              #                             ##                               ##
####         ##                   #                              #                              #         #                              #                             ##                               ##
####         ##                   #                              #                              #         #                              #                             ##                               ##
####################################################################################################################################     #                             ##                               ##
###############################################################################################################################################################################                         ##